org\apache\calcite\adapter\csv\CsvFilterableTable$1.class
org\apache\calcite\adapter\file\JsonEnumerator$1.class
org\apache\calcite\adapter\csv\CsvTableFactory.class
org\apache\calcite\adapter\csv\CsvStreamScannableTable$1.class
org\apache\calcite\adapter\csv\CsvTranslatableTable.class
org\apache\calcite\adapter\csv\ImmutableCsvProjectTableScanRule$1.class
org\apache\calcite\adapter\file\FileTable.class
org\apache\calcite\adapter\file\CsvEnumerator.class
org\apache\calcite\adapter\file\FileRowConverter$CellReader.class
org\apache\calcite\adapter\csv\CsvSchemaFactory.class
org\apache\calcite\adapter\file\FileFieldType.class
org\apache\calcite\adapter\file\CsvTableScan.class
org\apache\calcite\adapter\file\CsvTable$Flavor.class
org\apache\calcite\adapter\file\FileTable$2.class
org\apache\calcite\adapter\file\CsvFieldType.class
org\apache\calcite\adapter\csv\CsvSchema.class
org\apache\calcite\adapter\file\FileRowConverter$FieldDef.class
org\apache\calcite\adapter\csv\CsvTable$Flavor.class
org\apache\calcite\adapter\csv\ImmutableCsvProjectTableScanRule.class
org\apache\calcite\adapter\csv\CsvScannableTable$1.class
org\apache\calcite\adapter\csv\CsvProjectTableScanRule$Config.class
org\apache\calcite\adapter\file\FileSchema.class
org\apache\calcite\adapter\file\ImmutableCsvProjectTableScanRule$Config.class
org\apache\calcite\adapter\file\CsvTableFactory.class
org\apache\calcite\adapter\file\JsonEnumerator$JsonDataConverter.class
org\apache\calcite\adapter\file\JsonScannableTable.class
org\apache\calcite\adapter\csv\CsvScannableTable.class
org\apache\calcite\adapter\file\CsvProjectTableScanRule.class
org\apache\calcite\adapter\file\CsvEnumerator$ArrayRowConverter.class
org\apache\calcite\adapter\csv\ImmutableCsvProjectTableScanRule$Config.class
org\apache\calcite\adapter\csv\CsvSchema$1.class
org\apache\calcite\adapter\file\CsvEnumerator$1.class
org\apache\calcite\adapter\file\FileRowConverter$1.class
Main$1.class
Main.class
org\apache\calcite\adapter\file\CsvProjectTableScanRule$Config.class
org\apache\calcite\adapter\file\CsvTranslatableTable.class
org\apache\calcite\adapter\file\ImmutableCsvProjectTableScanRule$Config$Builder.class
org\apache\calcite\adapter\file\CsvEnumerator$RowConverter.class
org\apache\calcite\adapter\file\CsvTable.class
org\apache\calcite\adapter\file\JsonEnumerator.class
org\apache\calcite\adapter\csv\ImmutableCsvProjectTableScanRule$Config$Builder.class
org\apache\calcite\adapter\file\CsvStreamReader$CsvContentListener.class
org\apache\calcite\adapter\file\FileRules.class
org\apache\calcite\adapter\file\FileSchemaFactory.class
org\apache\calcite\adapter\file\JsonScannableTable$1.class
org\apache\calcite\adapter\csv\CsvStreamScannableTable.class
org\apache\calcite\adapter\file\FileEnumerator.class
org\apache\calcite\adapter\file\FileTableScan.class
org\apache\calcite\adapter\file\JsonTable.class
org\apache\calcite\adapter\csv\CsvFilterableTable.class
org\apache\calcite\adapter\file\FileReader$FileReaderIterator.class
org\apache\calcite\adapter\file\FileReader.class
org\apache\calcite\adapter\file\CsvStreamReader.class
org\apache\calcite\adapter\file\CsvEnumerator$SingleColumnRowConverter.class
org\apache\calcite\adapter\csv\ImmutableCsvProjectTableScanRule$Config$InitShim.class
org\apache\calcite\adapter\file\CsvTranslatableTable$1.class
org\apache\calcite\adapter\file\FileRowConverter.class
org\apache\calcite\adapter\csv\CsvRules.class
org\apache\calcite\adapter\file\ImmutableCsvProjectTableScanRule$1.class
org\apache\calcite\adapter\file\ImmutableCsvProjectTableScanRule$Config$InitShim.class
org\apache\calcite\adapter\file\ImmutableCsvProjectTableScanRule.class
org\apache\calcite\adapter\csv\CsvTable.class
org\apache\calcite\adapter\file\FileReaderException.class
org\apache\calcite\adapter\csv\CsvProjectTableScanRule.class
org\apache\calcite\adapter\csv\CsvStreamTableFactory.class
org\apache\calcite\adapter\csv\CsvTranslatableTable$1.class
org\apache\calcite\adapter\file\FileTable$1.class
org\apache\calcite\adapter\csv\CsvTableScan.class
