E:\1Studing\00main\Calcirix\src\main\java\org\apache\calcite\adapter\csv\CsvStreamScannableTable.java
E:\1Studing\00main\Calcirix\src\main\java\org\apache\calcite\adapter\file\FileEnumerator.java
E:\1Studing\00main\Calcirix\src\main\java\org\apache\calcite\adapter\file\CsvFieldType.java
E:\1Studing\00main\Calcirix\src\main\java\org\apache\calcite\adapter\file\FileReader.java
E:\1Studing\00main\Calcirix\src\main\java\org\apache\calcite\adapter\csv\CsvFilterableTable.java
E:\1Studing\00main\Calcirix\src\main\java\org\apache\calcite\adapter\file\CsvTableFactory.java
E:\1Studing\00main\Calcirix\src\main\java\org\apache\calcite\adapter\file\CsvStreamReader.java
E:\1Studing\00main\Calcirix\src\main\java\org\apache\calcite\adapter\csv\CsvSchemaFactory.java
E:\1Studing\00main\Calcirix\src\main\java\org\apache\calcite\adapter\file\FileSchemaFactory.java
E:\1Studing\00main\Calcirix\src\main\java\org\apache\calcite\adapter\csv\package-info.java
E:\1Studing\00main\Calcirix\src\main\java\org\apache\calcite\adapter\csv\CsvProjectTableScanRule.java
E:\1Studing\00main\Calcirix\src\main\java\org\apache\calcite\adapter\file\JsonTable.java
E:\1Studing\00main\Calcirix\src\main\java\org\apache\calcite\adapter\file\FileRules.java
E:\1Studing\00main\Calcirix\src\main\java\org\apache\calcite\adapter\file\CsvTranslatableTable.java
E:\1Studing\00main\Calcirix\src\main\java\Main.java
E:\1Studing\00main\Calcirix\src\main\java\org\apache\calcite\adapter\file\FileTableScan.java
E:\1Studing\00main\Calcirix\src\main\java\org\apache\calcite\adapter\file\package-info.java
E:\1Studing\00main\Calcirix\src\main\java\org\apache\calcite\adapter\csv\CsvSchema.java
E:\1Studing\00main\Calcirix\src\main\java\org\apache\calcite\adapter\file\JsonScannableTable.java
E:\1Studing\00main\Calcirix\src\main\java\org\apache\calcite\adapter\csv\CsvStreamTableFactory.java
E:\1Studing\00main\Calcirix\src\main\java\org\apache\calcite\adapter\csv\CsvTable.java
E:\1Studing\00main\Calcirix\src\main\java\org\apache\calcite\adapter\file\FileSchema.java
E:\1Studing\00main\Calcirix\src\main\java\org\apache\calcite\adapter\csv\CsvRules.java
E:\1Studing\00main\Calcirix\src\main\java\org\apache\calcite\adapter\file\CsvTableScan.java
E:\1Studing\00main\Calcirix\src\main\java\org\apache\calcite\adapter\csv\CsvScannableTable.java
E:\1Studing\00main\Calcirix\src\main\java\org\apache\calcite\adapter\file\CsvEnumerator.java
E:\1Studing\00main\Calcirix\src\main\java\org\apache\calcite\adapter\csv\CsvTableFactory.java
E:\1Studing\00main\Calcirix\src\main\java\org\apache\calcite\adapter\csv\CsvTableScan.java
E:\1Studing\00main\Calcirix\src\main\java\org\apache\calcite\adapter\file\FileRowConverter.java
E:\1Studing\00main\Calcirix\src\main\java\org\apache\calcite\adapter\file\CsvProjectTableScanRule.java
E:\1Studing\00main\Calcirix\src\main\java\org\apache\calcite\adapter\file\CsvTable.java
E:\1Studing\00main\Calcirix\src\main\java\org\apache\calcite\adapter\file\FileFieldType.java
E:\1Studing\00main\Calcirix\src\main\java\org\apache\calcite\adapter\file\JsonEnumerator.java
E:\1Studing\00main\Calcirix\src\main\java\org\apache\calcite\adapter\file\FileTable.java
E:\1Studing\00main\Calcirix\src\main\java\org\apache\calcite\adapter\csv\CsvTranslatableTable.java
E:\1Studing\00main\Calcirix\src\main\java\org\apache\calcite\adapter\file\FileReaderException.java
